Loading bank  0
Loading bank  1
Loader: Successfully loaded 2 ROM banks.
Cartridge type: ROM_MBC1
Controller type: MBC1
CPU Instructions: op rp test OK