Loading bank  0
Loading bank  1
Loading bank  2
Loading bank  3
Loading bank  4
Loading bank  5
Loading bank  6
Loading bank  7
Loading bank  8
Loading bank  9
Loading bank  10
Loading bank  11
Loading bank  12
Loading bank  13
Loading bank  14
Loading bank  15
Loading bank  16
Loading bank  17
Loading bank  18
Loading bank  19
Loading bank  20
Loading bank  21
Loading bank  22
Loading bank  23
Loading bank  24
Loading bank  25
Loading bank  26
Loading bank  27
Loading bank  28
Loading bank  29
Loading bank  30
Loading bank  31
Loading bank  32
Loading bank  33
Loading bank  34
Loading bank  35
Loading bank  36
Loading bank  37
Loading bank  38
Loading bank  39
Loading bank  40
Loading bank  41
Loading bank  42
Loading bank  43
Loading bank  44
Loading bank  45
Loading bank  46
Loading bank  47
Loading bank  48
Loading bank  49
Loading bank  50
Loading bank  51
Loading bank  52
Loading bank  53
Loading bank  54
Loading bank  55
Loading bank  56
Loading bank  57
Loading bank  58
Loading bank  59
Loading bank  60
Loading bank  61
Loading bank  62
Loading bank  63
Loader: Successfully loaded 64 ROM banks.
Cartridge type: ROM_MBC1
Controller type: MBC1
MBC1 Cart - 8 Mb ROM test OK