Loading bank  0
Loading bank  1
Loading bank  2
Loading bank  3
Loading bank  4
Loading bank  5
Loading bank  6
Loading bank  7
Loading bank  8
Loading bank  9
Loading bank  10
Loading bank  11
Loading bank  12
Loading bank  13
Loading bank  14
Loading bank  15
Loader: Successfully loaded 16 ROM banks.
Cartridge type: ROM_MBC2_BATT
Controller type: MBC2
MBC2 Cart - Bits Unused test OK