Loading bank  0
Loading bank  1
Loader: Successfully loaded 2 ROM banks.
Cartridge type: ROM_ONLY
Controller type: NONE
LCD Scanline Timing test OK