Loading bank  0
Loading bank  1
Loading bank  2
Loading bank  3
Loading bank  4
Loading bank  5
Loading bank  6
Loading bank  7
Loading bank  8
Loading bank  9
Loading bank  10
Loading bank  11
Loading bank  12
Loading bank  13
Loading bank  14
Loading bank  15
Loading bank  16
Loading bank  17
Loading bank  18
Loading bank  19
Loading bank  20
Loading bank  21
Loading bank  22
Loading bank  23
Loading bank  24
Loading bank  25
Loading bank  26
Loading bank  27
Loading bank  28
Loading bank  29
Loading bank  30
Loading bank  31
Loading bank  32
Loading bank  33
Loading bank  34
Loading bank  35
Loading bank  36
Loading bank  37
Loading bank  38
Loading bank  39
Loading bank  40
Loading bank  41
Loading bank  42
Loading bank  43
Loading bank  44
Loading bank  45
Loading bank  46
Loading bank  47
Loading bank  48
Loading bank  49
Loading bank  50
Loading bank  51
Loading bank  52
Loading bank  53
Loading bank  54
Loading bank  55
Loading bank  56
Loading bank  57
Loading bank  58
Loading bank  59
Loading bank  60
Loading bank  61
Loading bank  62
Loading bank  63
Loading bank  64
Loading bank  65
Loading bank  66
Loading bank  67
Loading bank  68
Loading bank  69
Loading bank  70
Loading bank  71
Loading bank  72
Loading bank  73
Loading bank  74
Loading bank  75
Loading bank  76
Loading bank  77
Loading bank  78
Loading bank  79
Loading bank  80
Loading bank  81
Loading bank  82
Loading bank  83
Loading bank  84
Loading bank  85
Loading bank  86
Loading bank  87
Loading bank  88
Loading bank  89
Loading bank  90
Loading bank  91
Loading bank  92
Loading bank  93
Loading bank  94
Loading bank  95
Loading bank  96
Loading bank  97
Loading bank  98
Loading bank  99
Loading bank  100
Loading bank  101
Loading bank  102
Loading bank  103
Loading bank  104
Loading bank  105
Loading bank  106
Loading bank  107
Loading bank  108
Loading bank  109
Loading bank  110
Loading bank  111
Loading bank  112
Loading bank  113
Loading bank  114
Loading bank  115
Loading bank  116
Loading bank  117
Loading bank  118
Loading bank  119
Loading bank  120
Loading bank  121
Loading bank  122
Loading bank  123
Loading bank  124
Loading bank  125
Loading bank  126
Loading bank  127
Loader: Successfully loaded 128 ROM banks.
Cartridge type: ROM_MBC1
Controller type: MBC1
MBC1 Cart - 16 Mb ROM test OK