Loading bank  0
Loading bank  1
Loader: Successfully loaded 2 ROM banks.
Cartridge type: ROM_MBC2_BATT
Controller type: MBC2
MBC2 Cart - RAM test OK