Loading bank  0
Loading bank  1
Loading bank  2
Loading bank  3
Loading bank  4
Loading bank  5
Loading bank  6
Loading bank  7
Loading bank  8
Loading bank  9
Loading bank  10
Loading bank  11
Loading bank  12
Loading bank  13
Loading bank  14
Loading bank  15
Loading bank  16
Loading bank  17
Loading bank  18
Loading bank  19
Loading bank  20
Loading bank  21
Loading bank  22
Loading bank  23
Loading bank  24
Loading bank  25
Loading bank  26
Loading bank  27
Loading bank  28
Loading bank  29
Loading bank  30
Loading bank  31
Loader: Successfully loaded 32 ROM banks.
Cartridge type: ROM_MBC1
Controller type: MBC1
MBC1 Cart - 4 Mb ROM test OK