Loading bank  0
Loading bank  1
Loading bank  2
Loading bank  3
Loading bank  4
Loading bank  5
Loading bank  6
Loading bank  7
Loader: Successfully loaded 8 ROM banks.
Cartridge type: ROM_MBC2
Controller type: MBC2
MBC2 Cart - ROM 1Mb test OK