Loading bank  0
Loading bank  1
Loading bank  2
Loading bank  3
Loader: Successfully loaded 4 ROM banks.
Cartridge type: ROM_MBC1
Controller type: MBC1
CPU instructions test OK